Component: ARM Compiler 5.06 update 7 (build 960) Tool: armlink [4d3601]

==============================================================================

Section Cross References

    startup.o(RESET) refers to startup.o(STACK) for __initial_sp
    startup.o(RESET) refers to startup.o(.text) for Reset_Handler
    startup.o(.text) refers to startup.o(HEAP) for Sector_uqty
    startup.o(.text) refers to startup.o(SECTORINFO) for Sector_prices
    startup.o(.text) refers to startup.o(TICKETREQUEST) for Tickets


==============================================================================

Image Symbol Table

    Local Symbols

    Symbol Name                              Value     Ov Type        Size  Object(Section)

    RESET                                    0x00000000   Section      204  startup.o(RESET)
    startup.s                                0x00000000   Number         0  startup.o ABSOLUTE
    .text                                    0x000000cc   Section      256  startup.o(.text)
    subGet                                   0x00000145   Thumb Code    48  startup.o(.text)
    initCopy                                 0x00000175   Thumb Code    34  startup.o(.text)
    SECTORINFO                               0x000001cc   Section       97  startup.o(SECTORINFO)
    Sector_prices                            0x000001cc   Data          48  startup.o(SECTORINFO)
    Sector_quantity                          0x000001fc   Data          48  startup.o(SECTORINFO)
    Num_sectors                              0x0000022c   Data           1  startup.o(SECTORINFO)
    TICKETREQUEST                            0x00000230   Section       28  startup.o(TICKETREQUEST)
    Tickets                                  0x00000230   Data          24  startup.o(TICKETREQUEST)
    Ticket_requests                          0x00000248   Data           4  startup.o(TICKETREQUEST)
    .ARM.__at_0x02FC                         0x000002fc   Section        4  startup.o(.ARM.__at_0x02FC)
    HEAP                                     0x10000000   Section      516  startup.o(HEAP)
    total_tickets                            0x10000000   Data           4  startup.o(HEAP)
    Sector_uqty                              0x10000004   Data           0  startup.o(HEAP)
    STACK                                    0x10000208   Section      512  startup.o(STACK)

    Global Symbols

    Symbol Name                              Value     Ov Type        Size  Object(Section)

    BuildAttributes$$THM_ISAv4$P$D$K$B$S$PE$A:L22UL41UL21$X:L11$S22US41US21$IEEE1$IW$USESV6$~STKCKD$USESV7$~SHL$OSPACE$EBA8$STANDARDLIB$PRES8$EABIv2 0x00000000   Number         0  anon$$obj.o ABSOLUTE
    __Vectors                                0x00000000   Data           4  startup.o(RESET)
    Reset_Handler                            0x000000cd   Thumb Code   120  startup.o(.text)
    NMI_Handler                              0x00000197   Thumb Code     2  startup.o(.text)
    HardFault_Handler                        0x00000199   Thumb Code     2  startup.o(.text)
    MemManage_Handler                        0x0000019b   Thumb Code     2  startup.o(.text)
    BusFault_Handler                         0x0000019d   Thumb Code     2  startup.o(.text)
    UsageFault_Handler                       0x0000019f   Thumb Code     2  startup.o(.text)
    SVC_Handler                              0x000001a1   Thumb Code     2  startup.o(.text)
    DebugMon_Handler                         0x000001a3   Thumb Code     2  startup.o(.text)
    PendSV_Handler                           0x000001a5   Thumb Code     2  startup.o(.text)
    SysTick_Handler                          0x000001a7   Thumb Code     2  startup.o(.text)
    ADC_IRQHandler                           0x000001a9   Thumb Code     0  startup.o(.text)
    BOD_IRQHandler                           0x000001a9   Thumb Code     0  startup.o(.text)
    CANActivity_IRQHandler                   0x000001a9   Thumb Code     0  startup.o(.text)
    CAN_IRQHandler                           0x000001a9   Thumb Code     0  startup.o(.text)
    DMA_IRQHandler                           0x000001a9   Thumb Code     0  startup.o(.text)
    EINT0_IRQHandler                         0x000001a9   Thumb Code     0  startup.o(.text)
    EINT1_IRQHandler                         0x000001a9   Thumb Code     0  startup.o(.text)
    EINT2_IRQHandler                         0x000001a9   Thumb Code     0  startup.o(.text)
    EINT3_IRQHandler                         0x000001a9   Thumb Code     0  startup.o(.text)
    ENET_IRQHandler                          0x000001a9   Thumb Code     0  startup.o(.text)
    I2C0_IRQHandler                          0x000001a9   Thumb Code     0  startup.o(.text)
    I2C1_IRQHandler                          0x000001a9   Thumb Code     0  startup.o(.text)
    I2C2_IRQHandler                          0x000001a9   Thumb Code     0  startup.o(.text)
    I2S_IRQHandler                           0x000001a9   Thumb Code     0  startup.o(.text)
    MCPWM_IRQHandler                         0x000001a9   Thumb Code     0  startup.o(.text)
    PLL0_IRQHandler                          0x000001a9   Thumb Code     0  startup.o(.text)
    PLL1_IRQHandler                          0x000001a9   Thumb Code     0  startup.o(.text)
    PWM1_IRQHandler                          0x000001a9   Thumb Code     0  startup.o(.text)
    QEI_IRQHandler                           0x000001a9   Thumb Code     0  startup.o(.text)
    RIT_IRQHandler                           0x000001a9   Thumb Code     0  startup.o(.text)
    RTC_IRQHandler                           0x000001a9   Thumb Code     0  startup.o(.text)
    SPI_IRQHandler                           0x000001a9   Thumb Code     0  startup.o(.text)
    SSP0_IRQHandler                          0x000001a9   Thumb Code     0  startup.o(.text)
    SSP1_IRQHandler                          0x000001a9   Thumb Code     0  startup.o(.text)
    TIMER0_IRQHandler                        0x000001a9   Thumb Code     0  startup.o(.text)
    TIMER1_IRQHandler                        0x000001a9   Thumb Code     0  startup.o(.text)
    TIMER2_IRQHandler                        0x000001a9   Thumb Code     0  startup.o(.text)
    TIMER3_IRQHandler                        0x000001a9   Thumb Code     0  startup.o(.text)
    UART0_IRQHandler                         0x000001a9   Thumb Code     0  startup.o(.text)
    UART1_IRQHandler                         0x000001a9   Thumb Code     0  startup.o(.text)
    UART2_IRQHandler                         0x000001a9   Thumb Code     0  startup.o(.text)
    UART3_IRQHandler                         0x000001a9   Thumb Code     0  startup.o(.text)
    USBActivity_IRQHandler                   0x000001a9   Thumb Code     0  startup.o(.text)
    USB_IRQHandler                           0x000001a9   Thumb Code     0  startup.o(.text)
    WDT_IRQHandler                           0x000001a9   Thumb Code     0  startup.o(.text)
    __heap_base                              0x10000000   Data           0  startup.o(HEAP)
    __heap_limit                             0x10000204   Data           0  startup.o(HEAP)
    __initial_sp                             0x10000408   Data           0  startup.o(STACK)



==============================================================================

Memory Map of the image

  Image Entry point : 0x000000cd

  Load Region LR_1 (Base: 0x00000000, Size: 0x00000300, Max: 0xffffffff, ABSOLUTE)

    Execution Region ER_RO (Exec base: 0x00000000, Load base: 0x00000000, Size: 0x00000300, Max: 0xffffffff, ABSOLUTE)

    Exec Addr    Load Addr    Size         Type   Attr      Idx    E Section Name        Object

    0x00000000   0x00000000   0x000000cc   Data   RO            5    RESET               startup.o
    0x000000cc   0x000000cc   0x00000100   Code   RO            7  * .text               startup.o
    0x000001cc   0x000001cc   0x00000061   Data   RO            3    SECTORINFO          startup.o
    0x0000022d   0x0000022d   0x00000003   PAD
    0x00000230   0x00000230   0x0000001c   Data   RO            4    TICKETREQUEST       startup.o
    0x0000024c   0x0000024c   0x000000b0   PAD
    0x000002fc   0x000002fc   0x00000004   Code   RO            6    .ARM.__at_0x02FC    startup.o


    Execution Region ER_RW (Exec base: 0x10000000, Load base: 0x00000300, Size: 0x00000000, Max: 0xffffffff, ABSOLUTE)

    **** No section assigned to this execution region ****


    Execution Region ER_ZI (Exec base: 0x10000000, Load base: 0x00000300, Size: 0x00000408, Max: 0xffffffff, ABSOLUTE)

    Exec Addr    Load Addr    Size         Type   Attr      Idx    E Section Name        Object

    0x10000000        -       0x00000204   Zero   RW            2    HEAP                startup.o
    0x10000204   0x00000300   0x00000004   PAD
    0x10000208        -       0x00000200   Zero   RW            1    STACK               startup.o


==============================================================================

Image component sizes


      Code (inc. data)   RO Data    RW Data    ZI Data      Debug   Object Name

       260         38        329          0       1028       1056   startup.o

    ----------------------------------------------------------------------
       260         38        508          0       1032       1056   Object Totals
         0          0          0          0          0          0   (incl. Generated)
         0          0        179          0          4          0   (incl. Padding)

    ----------------------------------------------------------------------
         0          0          0          0          0          0   Library Totals
         0          0          0          0          0          0   (incl. Padding)

    ----------------------------------------------------------------------

==============================================================================


      Code (inc. data)   RO Data    RW Data    ZI Data      Debug   

       260         38        508          0       1032       1056   Grand Totals
       260         38        508          0       1032       1056   ELF Image Totals
       260         38        508          0          0          0   ROM Totals

==============================================================================

    Total RO  Size (Code + RO Data)                  768 (   0.75kB)
    Total RW  Size (RW Data + ZI Data)              1032 (   1.01kB)
    Total ROM Size (Code + RO Data + RW Data)        768 (   0.75kB)

==============================================================================

